<html>
<body>
<pre>
<h1>礦ision Build Log</h1>
<h2>Project:</h2>
J:\普中STM32-V1.0光盘资料\STM32 V3.5版固件库\工程模板\工程模板.uvproj
Project File Date:  06/11/2015

<h2>Output:</h2>
Build target 'Target 1'
compiling main.c...
linking...
Program Size: Code=848 RO-data=336 RW-data=20 ZI-data=1636  
FromELF: creating hex file...
".\output\工程模板.axf" - 0 Error(s), 0 Warning(s).
Build target 'Target 1'
compiling public.c...
linking...
Program Size: Code=848 RO-data=336 RW-data=20 ZI-data=1636  
FromELF: creating hex file...
".\output\工程模板.axf" - 0 Error(s), 0 Warning(s).
